// Jest Snapshot v1, https://goo.gl/fbAQLP

exports[`Client should render 1`] = `
<Fragment>
  <Header />
</Fragment>
`;
